[preview.oklerthemes.com/tucson/2.1.0/index.html]
[backblue.gif]
[fade.gif]
[index.html]
[preview.oklerthemes.com/tucson/2.1.0/vendor/modernizr/modernizr.js]
[preview.oklerthemes.com/tucson/2.1.0/index-2.html]
[preview.oklerthemes.com/tucson/2.1.0/img/logo.png]
[preview.oklerthemes.com/tucson/2.1.0/index-3.html]
[preview.oklerthemes.com/tucson/2.1.0/index-4.html]
[preview.oklerthemes.com/tucson/2.1.0/index-5.html]
[preview.oklerthemes.com/tucson/2.1.0/shortcodes.html]
[preview.oklerthemes.com/tucson/2.1.0/about-us.html]
[preview.oklerthemes.com/tucson/2.1.0/about-me.html]
[preview.oklerthemes.com/tucson/2.1.0/feature-pricing-tables.html]
[preview.oklerthemes.com/tucson/2.1.0/feature-icons.html]
[preview.oklerthemes.com/tucson/2.1.0/feature-animations.html]
[preview.oklerthemes.com/tucson/2.1.0/feature-typography.html]
[preview.oklerthemes.com/tucson/2.1.0/feature-grid-system.html]
[preview.oklerthemes.com/tucson/2.1.0/index-header-1.html]
[preview.oklerthemes.com/tucson/2.1.0/index-header-2.html]
[preview.oklerthemes.com/tucson/2.1.0/index-header-3.html]
[preview.oklerthemes.com/tucson/2.1.0/index-header-4.html]
[preview.oklerthemes.com/tucson/2.1.0/index-header-5.html]
[preview.oklerthemes.com/tucson/2.1.0/shop-full-width.html]
[preview.oklerthemes.com/tucson/2.1.0/shop-sidebar.html]
[preview.oklerthemes.com/tucson/2.1.0/shop-product-full-width.html]
[preview.oklerthemes.com/tucson/2.1.0/shop-product-sidebar.html]
[preview.oklerthemes.com/tucson/2.1.0/shop-cart.html]
[preview.oklerthemes.com/tucson/2.1.0/shop-login.html]
[preview.oklerthemes.com/tucson/2.1.0/shop-checkout.html]
[preview.oklerthemes.com/tucson/2.1.0/blog-full-width.html]
[preview.oklerthemes.com/tucson/2.1.0/blog-large-image.html]
[preview.oklerthemes.com/tucson/2.1.0/blog-medium-image.html]
[preview.oklerthemes.com/tucson/2.1.0/blog-timeline.html]
[preview.oklerthemes.com/tucson/2.1.0/blog-post.html]
[preview.oklerthemes.com/tucson/2.1.0/portfolio-4-columns.html]
[preview.oklerthemes.com/tucson/2.1.0/portfolio-3-columns.html]
[preview.oklerthemes.com/tucson/2.1.0/portfolio-2-columns.html]
[preview.oklerthemes.com/tucson/2.1.0/portfolio-lightbox.html]
[preview.oklerthemes.com/tucson/2.1.0/portfolio-timeline.html]
[preview.oklerthemes.com/tucson/2.1.0/portfolio-full-width.html]
[preview.oklerthemes.com/tucson/2.1.0/portfolio-single.html]
[preview.oklerthemes.com/tucson/2.1.0/portfolio-single-extended.html]
[preview.oklerthemes.com/tucson/2.1.0/portfolio-single-full-slider.html]
[preview.oklerthemes.com/tucson/2.1.0/portfolio-single-sidebar.html]
[preview.oklerthemes.com/tucson/2.1.0/page-full-width.html]
[preview.oklerthemes.com/tucson/2.1.0/page-left-sidebar.html]
[preview.oklerthemes.com/tucson/2.1.0/page-right-sidebar.html]
[preview.oklerthemes.com/tucson/2.1.0/page-custom-header.html]
[preview.oklerthemes.com/tucson/2.1.0/page-custom-header-basic.html]
[preview.oklerthemes.com/tucson/2.1.0/page-custom-header-video.html]
[preview.oklerthemes.com/tucson/2.1.0/page-custom-header-overlay.html]
[preview.oklerthemes.com/tucson/2.1.0/page-custom-header-parallax.html]
[preview.oklerthemes.com/tucson/2.1.0/page-custom-header-slideshow.html]
[preview.oklerthemes.com/tucson/2.1.0/page-404.html]
[preview.oklerthemes.com/tucson/2.1.0/page-team.html]
[preview.oklerthemes.com/tucson/2.1.0/page-services.html]
[preview.oklerthemes.com/tucson/2.1.0/page-careers.html]
[preview.oklerthemes.com/tucson/2.1.0/page-faq.html]
[preview.oklerthemes.com/tucson/2.1.0/page-login.html]
[preview.oklerthemes.com/tucson/2.1.0/sitemap.html]
[preview.oklerthemes.com/tucson/2.1.0/contact-us.html]
[preview.oklerthemes.com/tucson/2.1.0/contact-us-advanced.html]
[preview.oklerthemes.com/tucson/2.1.0/img/slides/slide-clean-bg-1.jpg]
[preview.oklerthemes.com/tucson/2.1.0/img/slides/slide-caption-1.png]
[preview.oklerthemes.com/tucson/2.1.0/img/slides/slide-mockup-1.png]
[preview.oklerthemes.com/tucson/2.1.0/img/slides/slide-mockup-2.png]
[preview.oklerthemes.com/tucson/2.1.0/img/slides/slide-mockup-3.png]
[preview.oklerthemes.com/tucson/2.1.0/img/slides/slide-bg-1.jpg]
[preview.oklerthemes.com/tucson/2.1.0/img/parallax-2.jpg]
[preview.oklerthemes.com/tucson/2.1.0/img/premium-features-2.png]
[preview.oklerthemes.com/tucson/2.1.0/img/projects/project.jpg]
[preview.oklerthemes.com/tucson/2.1.0/img/projects/project-2.jpg]
[preview.oklerthemes.com/tucson/2.1.0/img/projects/project-1.jpg]
[preview.oklerthemes.com/tucson/2.1.0/img/projects/project-3.jpg]
[preview.oklerthemes.com/tucson/2.1.0/img/projects/project-4.jpg]
[preview.oklerthemes.com/tucson/2.1.0/img/projects/project-5.jpg]
[preview.oklerthemes.com/tucson/2.1.0/img/projects/project-6.jpg]
[preview.oklerthemes.com/tucson/2.1.0/img/projects/project-10.jpg]
[preview.oklerthemes.com/tucson/2.1.0/img/projects/project-8.jpg]
[preview.oklerthemes.com/tucson/2.1.0/img/projects/project-9.jpg]
[preview.oklerthemes.com/tucson/2.1.0/img/logo-footer.png]
[preview.oklerthemes.com/tucson/2.1.0/vendor/jquery/jquery.js]
[preview.oklerthemes.com/tucson/2.1.0/vendor/jquery.appear/jquery.appear.js]
[preview.oklerthemes.com/tucson/2.1.0/vendor/jquery.easing/jquery.easing.js]
[preview.oklerthemes.com/tucson/2.1.0/vendor/jquery-cookie/jquery-cookie.js]
[preview.oklerthemes.com/tucson/2.1.0/master/style-switcher/style.switcher.js]
[preview.oklerthemes.com/tucson/2.1.0/vendor/bootstrap/bootstrap.js]
[preview.oklerthemes.com/tucson/2.1.0/vendor/common/common.js]
[preview.oklerthemes.com/tucson/2.1.0/vendor/rs-plugin/js/jquery.themepunch.tools.min.js]
[preview.oklerthemes.com/tucson/2.1.0/vendor/rs-plugin/js/jquery.themepunch.revolution.min.js]
[preview.oklerthemes.com/tucson/2.1.0/vendor/jquery.validation/jquery.validation.js]
[preview.oklerthemes.com/tucson/2.1.0/vendor/jquery.stellar/jquery.stellar.js]
[preview.oklerthemes.com/tucson/2.1.0/vendor/jquery.easy-pie-chart/jquery.easy-pie-chart.js]
[preview.oklerthemes.com/tucson/2.1.0/vendor/jquery.gmap/jquery.gmap.js]
[preview.oklerthemes.com/tucson/2.1.0/vendor/twitterjs/twitter.js]
[preview.oklerthemes.com/tucson/2.1.0/vendor/isotope/jquery.isotope.js]
[preview.oklerthemes.com/tucson/2.1.0/vendor/owlcarousel/owl.carousel.js]
[preview.oklerthemes.com/tucson/2.1.0/vendor/jflickrfeed/jflickrfeed.js]
[preview.oklerthemes.com/tucson/2.1.0/vendor/magnific-popup/jquery.magnific-popup.js]
[preview.oklerthemes.com/tucson/2.1.0/vendor/vide/vide.js]
[preview.oklerthemes.com/tucson/2.1.0/js/theme.js]
[preview.oklerthemes.com/tucson/2.1.0/js/views/view.home.js]
[preview.oklerthemes.com/tucson/2.1.0/js/custom.js]
[preview.oklerthemes.com/tucson/2.1.0/js/theme.init.js]
[preview.oklerthemes.com/tucson/2.1.0/index.html]
[preview.oklerthemes.com/tucson/2.1.0/vendor/fonts/glyphicons-halflings-regular.eot]
[preview.oklerthemes.com/tucson/2.1.0/vendor/fonts/glyphicons-halflings-regulard41d.eot]
[preview.oklerthemes.com/tucson/2.1.0/vendor/fonts/glyphicons-halflings-regular.woff]
[preview.oklerthemes.com/tucson/2.1.0/vendor/fonts/glyphicons-halflings-regular.ttf]
[preview.oklerthemes.com/tucson/2.1.0/vendor/fonts/glyphicons-halflings-regular.svg]
[preview.oklerthemes.com/tucson/2.1.0/vendor/bootstrap/bootstrap.css]
[preview.oklerthemes.com/tucson/2.1.0/vendor/fontawesome/fonts/fontawesome-webfont78ce.eot]
[preview.oklerthemes.com/tucson/2.1.0/vendor/fontawesome/fonts/fontawesome-webfontd41d.eot]
[preview.oklerthemes.com/tucson/2.1.0/vendor/fontawesome/fonts/fontawesome-webfont78ce.woff]
[preview.oklerthemes.com/tucson/2.1.0/vendor/fontawesome/fonts/fontawesome-webfont78ce.ttf]
[preview.oklerthemes.com/tucson/2.1.0/vendor/fontawesome/css/font-awesome.css]
[preview.oklerthemes.com/tucson/2.1.0/vendor/rs-plugin/images/gradient/g30.png]
[preview.oklerthemes.com/tucson/2.1.0/vendor/rs-plugin/images/gradient/g40.png]
[preview.oklerthemes.com/tucson/2.1.0/vendor/rs-plugin/assets/shadow1.png]
[preview.oklerthemes.com/tucson/2.1.0/vendor/rs-plugin/assets/shadow2.png]
[preview.oklerthemes.com/tucson/2.1.0/vendor/rs-plugin/assets/shadow3.png]
[preview.oklerthemes.com/tucson/2.1.0/vendor/rs-plugin/assets/gridtile.png]
[preview.oklerthemes.com/tucson/2.1.0/vendor/rs-plugin/assets/gridtile_white.png]
[preview.oklerthemes.com/tucson/2.1.0/vendor/rs-plugin/assets/gridtile_3x3.png]
[preview.oklerthemes.com/tucson/2.1.0/vendor/rs-plugin/assets/gridtile_3x3_white.png]
[preview.oklerthemes.com/tucson/2.1.0/vendor/rs-plugin/assets/boxed_bgtile.png]
[preview.oklerthemes.com/tucson/2.1.0/vendor/rs-plugin/assets/navigdots_bgtile.png]
[preview.oklerthemes.com/tucson/2.1.0/vendor/rs-plugin/assets/bullet.png]
[preview.oklerthemes.com/tucson/2.1.0/vendor/rs-plugin/assets/bullets.png]
[preview.oklerthemes.com/tucson/2.1.0/vendor/rs-plugin/assets/bullets2.png]
[preview.oklerthemes.com/tucson/2.1.0/vendor/rs-plugin/assets/bullet_boxed.png]
[preview.oklerthemes.com/tucson/2.1.0/vendor/rs-plugin/assets/navigdots.png]
[preview.oklerthemes.com/tucson/2.1.0/vendor/rs-plugin/assets/large_left.png]
[preview.oklerthemes.com/tucson/2.1.0/vendor/rs-plugin/assets/large_right.png]
[preview.oklerthemes.com/tucson/2.1.0/vendor/rs-plugin/assets/small_left.png]
[preview.oklerthemes.com/tucson/2.1.0/vendor/rs-plugin/assets/small_right.png]
[preview.oklerthemes.com/tucson/2.1.0/vendor/rs-plugin/assets/arrow_left.png]
[preview.oklerthemes.com/tucson/2.1.0/vendor/rs-plugin/assets/arrow_right.png]
[preview.oklerthemes.com/tucson/2.1.0/vendor/rs-plugin/assets/small_left_boxed.png]
[preview.oklerthemes.com/tucson/2.1.0/vendor/rs-plugin/assets/small_right_boxed.png]
[preview.oklerthemes.com/tucson/2.1.0/vendor/rs-plugin/assets/arrowleft.png]
[preview.oklerthemes.com/tucson/2.1.0/vendor/rs-plugin/assets/arrowright.png]
[preview.oklerthemes.com/tucson/2.1.0/vendor/rs-plugin/assets/arrow_left2.png]
[preview.oklerthemes.com/tucson/2.1.0/vendor/rs-plugin/assets/arrow_right2.png]
[preview.oklerthemes.com/tucson/2.1.0/vendor/rs-plugin/assets/timer.png]
[preview.oklerthemes.com/tucson/2.1.0/vendor/rs-plugin/assets/coloredbg.png]
[preview.oklerthemes.com/tucson/2.1.0/vendor/rs-plugin/assets/loader.gif]
[preview.oklerthemes.com/tucson/2.1.0/vendor/rs-plugin/font/revicons90c6.eot]
[preview.oklerthemes.com/tucson/2.1.0/vendor/rs-plugin/font/revicons90c6.woff]
[preview.oklerthemes.com/tucson/2.1.0/vendor/rs-plugin/font/revicons90c6.ttf]
[preview.oklerthemes.com/tucson/2.1.0/vendor/rs-plugin/css/settings.css]
[preview.oklerthemes.com/tucson/2.1.0/vendor/owlcarousel/grabbing.png]
[preview.oklerthemes.com/tucson/2.1.0/vendor/owlcarousel/owl.carousel.css]
[preview.oklerthemes.com/tucson/2.1.0/vendor/owlcarousel/AjaxLoader.gif]
[preview.oklerthemes.com/tucson/2.1.0/vendor/owlcarousel/owl.theme.css]
[preview.oklerthemes.com/tucson/2.1.0/vendor/magnific-popup/magnific-popup.css]
[preview.oklerthemes.com/tucson/2.1.0/img/home-bg.jpg]
[preview.oklerthemes.com/tucson/2.1.0/css/theme.css]
[preview.oklerthemes.com/tucson/2.1.0/img/video-overlay.png]
[preview.oklerthemes.com/tucson/2.1.0/css/theme-elements.css]
[preview.oklerthemes.com/tucson/2.1.0/css/theme-blog.css]
[preview.oklerthemes.com/tucson/2.1.0/css/fonts/star.eot]
[preview.oklerthemes.com/tucson/2.1.0/css/fonts/star.woff]
[preview.oklerthemes.com/tucson/2.1.0/css/fonts/stard41d.eot]
[preview.oklerthemes.com/tucson/2.1.0/css/fonts/star.ttf]
[preview.oklerthemes.com/tucson/2.1.0/css/theme-shop.css]
[preview.oklerthemes.com/tucson/2.1.0/css/theme-animate.css]
[preview.oklerthemes.com/tucson/2.1.0/css/skins/default.css]
[preview.oklerthemes.com/tucson/2.1.0/css/custom.css]
[preview.oklerthemes.com/tucson/2.1.0/index-2.html]
[preview.oklerthemes.com/tucson/2.1.0/img/blank.gif]
[preview.oklerthemes.com/tucson/2.1.0/img/projects/project-7.jpg]
[preview.oklerthemes.com/tucson/2.1.0/img/projects/project-11.jpg]
[preview.oklerthemes.com/tucson/2.1.0/img/premium-features.png]
[preview.oklerthemes.com/tucson/2.1.0/img/logos/logo-1.png]
[preview.oklerthemes.com/tucson/2.1.0/img/logos/logo-2.png]
[preview.oklerthemes.com/tucson/2.1.0/img/logos/logo-3.png]
[preview.oklerthemes.com/tucson/2.1.0/img/logos/logo-4.png]
[preview.oklerthemes.com/tucson/2.1.0/img/logos/logo-5.png]
[preview.oklerthemes.com/tucson/2.1.0/img/logos/logo-6.png]
[preview.oklerthemes.com/tucson/2.1.0/index-3.html]
[preview.oklerthemes.com/tucson/2.1.0/img/slides/slide-basic-bg-1.jpg]
[preview.oklerthemes.com/tucson/2.1.0/index-4.html]
[preview.oklerthemes.com/tucson/2.1.0/video/light.jpg]
[preview.oklerthemes.com/tucson/2.1.0/video/light.mp4]
[preview.oklerthemes.com/tucson/2.1.0/video/light.ogv]
[preview.oklerthemes.com/tucson/2.1.0/index-5.html]
[preview.oklerthemes.com/tucson/2.1.0/img/header-default-bg.jpg]
[preview.oklerthemes.com/tucson/2.1.0/img/slides/shortcodes.png]
[preview.oklerthemes.com/tucson/2.1.0/img/holder.png]
[preview.oklerthemes.com/tucson/2.1.0/shortcodes.html]
[preview.oklerthemes.com/tucson/2.1.0/img/team/team-1.jpg]
[preview.oklerthemes.com/tucson/2.1.0/img/team/team-2.jpg]
[preview.oklerthemes.com/tucson/2.1.0/img/team/team-3.jpg]
[preview.oklerthemes.com/tucson/2.1.0/img/team/team-4.jpg]
[preview.oklerthemes.com/tucson/2.1.0/about-us.html]
[preview.oklerthemes.com/tucson/2.1.0/img/slides/header-about-me.jpg]
[preview.oklerthemes.com/tucson/2.1.0/img/clients/client-1.jpg]
[preview.oklerthemes.com/tucson/2.1.0/about-me.html]
[preview.oklerthemes.com/tucson/2.1.0/feature-pricing-tables.html]
[preview.oklerthemes.com/tucson/2.1.0/feature-icons.html]
[preview.oklerthemes.com/tucson/2.1.0/img/device.png]
[preview.oklerthemes.com/tucson/2.1.0/feature-animations.html]
[preview.oklerthemes.com/tucson/2.1.0/feature-typography.html]
[preview.oklerthemes.com/tucson/2.1.0/feature-grid-system.html]
[preview.oklerthemes.com/tucson/2.1.0/index-header-1.html]
[preview.oklerthemes.com/tucson/2.1.0/index-header-2.html]
[preview.oklerthemes.com/tucson/2.1.0/index-header-3.html]
[preview.oklerthemes.com/tucson/2.1.0/index-header-4.html]
[preview.oklerthemes.com/tucson/2.1.0/img/logo-big.png]
[preview.oklerthemes.com/tucson/2.1.0/index-header-5.html]
[preview.oklerthemes.com/tucson/2.1.0/img/products/product-1.jpg]
[preview.oklerthemes.com/tucson/2.1.0/img/products/product-2.jpg]
[preview.oklerthemes.com/tucson/2.1.0/img/products/product-3.jpg]
[preview.oklerthemes.com/tucson/2.1.0/img/products/product-4.jpg]
[preview.oklerthemes.com/tucson/2.1.0/img/products/product-5.jpg]
[preview.oklerthemes.com/tucson/2.1.0/img/products/product-6.jpg]
[preview.oklerthemes.com/tucson/2.1.0/img/products/product-7.jpg]
[preview.oklerthemes.com/tucson/2.1.0/img/products/product-8.jpg]
[preview.oklerthemes.com/tucson/2.1.0/img/products/product-9.jpg]
[preview.oklerthemes.com/tucson/2.1.0/img/products/product-10.jpg]
[preview.oklerthemes.com/tucson/2.1.0/img/products/product-11.jpg]
[preview.oklerthemes.com/tucson/2.1.0/img/products/product-12.jpg]
[preview.oklerthemes.com/tucson/2.1.0/shop-full-width.html]
[preview.oklerthemes.com/tucson/2.1.0/shop-sidebar.html]
[preview.oklerthemes.com/tucson/2.1.0/img/products/product-7-2.jpg]
[preview.oklerthemes.com/tucson/2.1.0/img/products/product-7-3.jpg]
[preview.oklerthemes.com/tucson/2.1.0/img/avatar-2.jpg]
[preview.oklerthemes.com/tucson/2.1.0/shop-product-full-width.html]
[preview.oklerthemes.com/tucson/2.1.0/shop-product-sidebar.html]
[preview.oklerthemes.com/tucson/2.1.0/shop-cart.html]
[preview.oklerthemes.com/tucson/2.1.0/shop-login.html]
[preview.oklerthemes.com/tucson/2.1.0/shop-checkout.html]
[preview.oklerthemes.com/tucson/2.1.0/img/blog/blog-image-1.jpg]
[preview.oklerthemes.com/tucson/2.1.0/img/blog/blog-image-2.jpg]
[preview.oklerthemes.com/tucson/2.1.0/img/blog/blog-image-3.jpg]
[preview.oklerthemes.com/tucson/2.1.0/blog-full-width.html]
[preview.oklerthemes.com/tucson/2.1.0/img/blog/blog-thumb-1.jpg]
[preview.oklerthemes.com/tucson/2.1.0/img/blog/blog-thumb-2.jpg]
[preview.oklerthemes.com/tucson/2.1.0/img/blog/blog-thumb-3.jpg]
[preview.oklerthemes.com/tucson/2.1.0/blog-large-image.html]
[preview.oklerthemes.com/tucson/2.1.0/blog-medium-image.html]
[preview.oklerthemes.com/tucson/2.1.0/blog-timeline.html]
[preview.oklerthemes.com/tucson/2.1.0/img/avatar.jpg]
[preview.oklerthemes.com/tucson/2.1.0/img/avatar-3.jpg]
[preview.oklerthemes.com/tucson/2.1.0/img/avatar-4.jpg]
[preview.oklerthemes.com/tucson/2.1.0/blog-post.html]
[preview.oklerthemes.com/tucson/2.1.0/portfolio-4-columns.html]
[preview.oklerthemes.com/tucson/2.1.0/portfolio-3-columns.html]
[preview.oklerthemes.com/tucson/2.1.0/portfolio-2-columns.html]
[preview.oklerthemes.com/tucson/2.1.0/portfolio-lightbox.html]
[preview.oklerthemes.com/tucson/2.1.0/portfolio-timeline.html]
[preview.oklerthemes.com/tucson/2.1.0/portfolio-full-width.html]
[preview.oklerthemes.com/tucson/2.1.0/img/projects/project-detail-1.jpg]
[preview.oklerthemes.com/tucson/2.1.0/img/projects/project-detail-2.jpg]
[s7.addthis.com/js/300/addthis_widget.js]
[preview.oklerthemes.com/tucson/2.1.0/portfolio-single.html]
[preview.oklerthemes.com/tucson/2.1.0/portfolio-single-extended.html]
[preview.oklerthemes.com/tucson/2.1.0/img/projects/project-detail-1-big.jpg]
[preview.oklerthemes.com/tucson/2.1.0/img/projects/project-detail-2-big.jpg]
[preview.oklerthemes.com/tucson/2.1.0/portfolio-single-full-slider.html]
[preview.oklerthemes.com/tucson/2.1.0/img/projects/project-detail-1-medium.jpg]
[preview.oklerthemes.com/tucson/2.1.0/img/projects/project-detail-2-medium.jpg]
[preview.oklerthemes.com/tucson/2.1.0/portfolio-single-sidebar.html]
[preview.oklerthemes.com/tucson/2.1.0/page-full-width.html]
[preview.oklerthemes.com/tucson/2.1.0/page-left-sidebar.html]
[preview.oklerthemes.com/tucson/2.1.0/page-right-sidebar.html]
[preview.oklerthemes.com/tucson/2.1.0/img/device-big.png]
[preview.oklerthemes.com/tucson/2.1.0/img/slides/slider-ss1.jpg]
[preview.oklerthemes.com/tucson/2.1.0/img/slides/slider-ss2.jpg]
[preview.oklerthemes.com/tucson/2.1.0/img/slides/slider-ss3.jpg]
[preview.oklerthemes.com/tucson/2.1.0/page-custom-header.html]
[preview.oklerthemes.com/tucson/2.1.0/page-custom-header-basic.html]
[preview.oklerthemes.com/tucson/2.1.0/page-custom-header-video.html]
[preview.oklerthemes.com/tucson/2.1.0/img/slides/overlay-bg.jpg]
[preview.oklerthemes.com/tucson/2.1.0/page-custom-header-overlay.html]
[preview.oklerthemes.com/tucson/2.1.0/img/parallax.jpg]
[preview.oklerthemes.com/tucson/2.1.0/page-custom-header-parallax.html]
[preview.oklerthemes.com/tucson/2.1.0/img/slides/header-city.jpg]
[preview.oklerthemes.com/tucson/2.1.0/img/slides/header-city-2.jpg]
[preview.oklerthemes.com/tucson/2.1.0/page-custom-header-slideshow.html]
[preview.oklerthemes.com/tucson/2.1.0/page-404.html]
[preview.oklerthemes.com/tucson/2.1.0/img/slides/header-team.jpg]
[preview.oklerthemes.com/tucson/2.1.0/img/team/team-5.jpg]
[preview.oklerthemes.com/tucson/2.1.0/img/team/team-6.jpg]
[preview.oklerthemes.com/tucson/2.1.0/img/team/team-7.jpg]
[preview.oklerthemes.com/tucson/2.1.0/img/team/team-8.jpg]
[preview.oklerthemes.com/tucson/2.1.0/page-team.html]
[preview.oklerthemes.com/tucson/2.1.0/page-services.html]
[farm9.staticflickr.com/8095/8520378157_733cf2186b_b.jpg]
[farm9.staticflickr.com/8095/8520378157_733cf2186b_s.jpg]
[farm9.staticflickr.com/8099/8520380383_b5a5e1f79c_b.jpg]
[farm9.staticflickr.com/8099/8520380383_b5a5e1f79c_s.jpg]
[farm9.staticflickr.com/8108/8521493740_24fe541b46_b.jpg]
[farm9.staticflickr.com/8108/8521493740_24fe541b46_s.jpg]
[farm9.staticflickr.com/8389/8521494816_61d0449c96_b.jpg]
[farm9.staticflickr.com/8389/8521494816_61d0449c96_s.jpg]
[farm9.staticflickr.com/8372/8520383787_71c576dfb1_b.jpg]
[farm9.staticflickr.com/8372/8520383787_71c576dfb1_s.jpg]
[farm9.staticflickr.com/8385/8521497438_a259902efc_b.jpg]
[farm9.staticflickr.com/8385/8521497438_a259902efc_s.jpg]
[preview.oklerthemes.com/tucson/2.1.0/page-careers.html]
[preview.oklerthemes.com/tucson/2.1.0/page-faq.html]
[preview.oklerthemes.com/tucson/2.1.0/page-login.html]
[preview.oklerthemes.com/tucson/2.1.0/sitemap.html]
[preview.oklerthemes.com/tucson/2.1.0/js/views/view.contact.js]
[preview.oklerthemes.com/tucson/2.1.0/contact-us.html]
[preview.oklerthemes.com/tucson/2.1.0/contact-us-advanced.html]
[preview.oklerthemes.com/tucson/2.1.0/php/simple-php-captcha/simple-php-captcha.php/index1100.html]
[preview.oklerthemes.com/tucson/2.1.0/vendor/fonts/glyphicons-halflings-regular.html]
[preview.oklerthemes.com/tucson/2.1.0/vendor/fonts/glyphicons-halflings-regulard41d.html]
[preview.oklerthemes.com/tucson/2.1.0/vendor/fonts/glyphicons-halflings-regular-2.html]
[preview.oklerthemes.com/tucson/2.1.0/vendor/fonts/glyphicons-halflings-regular-3.html]
[preview.oklerthemes.com/tucson/2.1.0/vendor/fonts/glyphicons-halflings-regular-4.html]
[preview.oklerthemes.com/tucson/2.1.0/vendor/fontawesome/fonts/fontawesome-webfont78ce.svg]
[preview.oklerthemes.com/tucson/2.1.0/vendor/rs-plugin/font/revicons90c6.svg]
[preview.oklerthemes.com/tucson/2.1.0/img/map-bottom.html]
[preview.oklerthemes.com/tucson/2.1.0/css/fonts/star.svg]
[preview.oklerthemes.com/tucson/2.1.0/video/light.ogv]
